
[34mΓòöΓòÉΓòÉΓòÉΓòÉΓòÉΓòÉΓòÉΓòÉΓòÉΓòÉΓòÉΓòÉΓòÉΓòÉΓòÉΓòÉΓòÉΓòÉΓòÉΓòÉΓòÉΓòÉΓòÉΓòÉΓòÉΓòÉΓòÉΓòÉΓòÉΓòÉΓòÉΓòÉΓòÉΓòÉΓòÉΓòÉΓòÉΓòÉΓòÉΓòÉΓòÉΓòÉΓòÉΓòÉΓòÉΓòÉΓòÉΓòÉΓòù[0m
[34mΓòæ   COLLEGE EVENT MANAGEMENT - TEST SUITE       Γòæ[0m
[34mΓòÜΓòÉΓòÉΓòÉΓòÉΓòÉΓòÉΓòÉΓòÉΓòÉΓòÉΓòÉΓòÉΓòÉΓòÉΓòÉΓòÉΓòÉΓòÉΓòÉΓòÉΓòÉΓòÉΓòÉΓòÉΓòÉΓòÉΓòÉΓòÉΓòÉΓòÉΓòÉΓòÉΓòÉΓòÉΓòÉΓòÉΓòÉΓòÉΓòÉΓòÉΓòÉΓòÉΓòÉΓòÉΓòÉΓòÉΓòÉΓòÉΓò¥[0m

[33m
≡ƒôï PHASE 1: Authentication Tests[0m

[36m[1][0m Admin Login... [31mΓ£ù FAILED[0m
[36m[2][0m Admin Register (New)... [32mΓ£ô PASSED[0m
[36m[3][0m Student Registration... [32mΓ£ô PASSED[0m
[36m[4][0m Student Login (OTP Request)... [32mΓ£ô PASSED[0m
[33m
≡ƒæñ PHASE 2: Admin Operations[0m

[36m[5][0m Get Admin Profile... [31mΓ£ù FAILED[0m
[36m[6][0m Get All Students (Admin)... [31mΓ£ù FAILED[0m
[33m
≡ƒôà PHASE 3: Event Management[0m

[36m[7][0m Create Event (Admin)... [31mΓ£ù FAILED[0m
[36m[8][0m Get All Events (Public)... [32mΓ£ô PASSED[0m
[36m[9][0m Get Single Event... [31mΓ£ù FAILED[0m
[36m[10][0m Update Event (Admin)... [31mΓ£ù FAILED[0m
[36m[11][0m Cancel Event (Admin)... [31mΓ£ù FAILED[0m
[33m
≡ƒôó PHASE 4: Announcements[0m

[36m[12][0m Create Announcement (Admin)... [31mΓ£ù FAILED[0m
[36m[13][0m Get All Announcements (Public)... [32mΓ£ô PASSED[0m
[36m[14][0m Update Announcement (Admin)... [31mΓ£ù FAILED[0m
[36m[15][0m Delete Announcement (Admin)... [31mΓ£ù FAILED[0m
[33m
≡ƒôè PHASE 5: Analytics (Admin)[0m

[36m[16][0m Get Dashboard Stats... [31mΓ£ù FAILED[0m
[36m[17][0m Get Popular Events... [31mΓ£ù FAILED[0m
[36m[18][0m Get Student Engagement... [31mΓ£ù FAILED[0m
[36m[19][0m Get Monthly Stats... [31mΓ£ù FAILED[0m
[33m
≡ƒöì PHASE 6: Validation Tests[0m

[36m[20][0m Reject Invalid Email... [32mΓ£ô PASSED[0m
[36m[21][0m Reject Weak Password... [32mΓ£ô PASSED[0m
[36m[22][0m Reject Past Event Date... [31mΓ£ù FAILED[0m
[36m[23][0m Reject Invalid MongoDB ID... [32mΓ£ô PASSED[0m
[33m
≡ƒ¢í∩╕Å PHASE 7: Security Tests[0m

[36m[24][0m Reject Request Without Token... [32mΓ£ô PASSED[0m
[36m[25][0m Reject Invalid Token... [32mΓ£ô PASSED[0m
[36m[26][0m Admin Logout... [31mΓ£ù FAILED[0m

[34mΓòöΓòÉΓòÉΓòÉΓòÉΓòÉΓòÉΓòÉΓòÉΓòÉΓòÉΓòÉΓòÉΓòÉΓòÉΓòÉΓòÉΓòÉΓòÉΓòÉΓòÉΓòÉΓòÉΓòÉΓòÉΓòÉΓòÉΓòÉΓòÉΓòÉΓòÉΓòÉΓòÉΓòÉΓòÉΓòÉΓòÉΓòÉΓòÉΓòÉΓòÉΓòÉΓòÉΓòÉΓòÉΓòÉΓòÉΓòÉΓòÉΓòù[0m
[34mΓòæ              TEST RESULTS SUMMARY              Γòæ[0m
[34mΓòÜΓòÉΓòÉΓòÉΓòÉΓòÉΓòÉΓòÉΓòÉΓòÉΓòÉΓòÉΓòÉΓòÉΓòÉΓòÉΓòÉΓòÉΓòÉΓòÉΓòÉΓòÉΓòÉΓòÉΓòÉΓòÉΓòÉΓòÉΓòÉΓòÉΓòÉΓòÉΓòÉΓòÉΓòÉΓòÉΓòÉΓòÉΓòÉΓòÉΓòÉΓòÉΓòÉΓòÉΓòÉΓòÉΓòÉΓòÉΓòÉΓò¥[0m

Total Tests:    26
[32mΓ£ô Passed:       10[0m
[31mΓ£ù Failed:       16[0m
Success Rate:   38.5%

[31mΓòöΓòÉΓòÉΓòÉΓòÉΓòÉΓòÉΓòÉΓòÉΓòÉΓòÉΓòÉΓòÉΓòÉΓòÉΓòÉΓòÉΓòÉΓòÉΓòÉΓòÉΓòÉΓòÉΓòÉΓòÉΓòÉΓòÉΓòÉΓòÉΓòÉΓòÉΓòÉΓòÉΓòÉΓòÉΓòÉΓòÉΓòÉΓòÉΓòÉΓòÉΓòÉΓòÉΓòÉΓòÉΓòÉΓòÉΓòÉΓòÉΓòù[0m
[31mΓòæ                FAILED TESTS                    Γòæ[0m
[31mΓòÜΓòÉΓòÉΓòÉΓòÉΓòÉΓòÉΓòÉΓòÉΓòÉΓòÉΓòÉΓòÉΓòÉΓòÉΓòÉΓòÉΓòÉΓòÉΓòÉΓòÉΓòÉΓòÉΓòÉΓòÉΓòÉΓòÉΓòÉΓòÉΓòÉΓòÉΓòÉΓòÉΓòÉΓòÉΓòÉΓòÉΓòÉΓòÉΓòÉΓòÉΓòÉΓòÉΓòÉΓòÉΓòÉΓòÉΓòÉΓòÉΓò¥[0m

[31m1. Admin Login[0m
   Error: Expected 200, got 401

[31m2. Get Admin Profile[0m
   Error: Expected 200, got 401

[31m3. Get All Students (Admin)[0m
   Error: Expected 200, got 401

[31m4. Create Event (Admin)[0m
   Error: Expected 201, got 401: {"error":"No token provided"}

[31m5. Get Single Event[0m
   Error: No event ID available from previous test

[31m6. Update Event (Admin)[0m
   Error: No event ID available

[31m7. Cancel Event (Admin)[0m
   Error: No event ID available

[31m8. Create Announcement (Admin)[0m
   Error: Expected 201, got 401

[31m9. Update Announcement (Admin)[0m
   Error: No announcement ID available

[31m10. Delete Announcement (Admin)[0m
   Error: No announcement ID available

[31m11. Get Dashboard Stats[0m
   Error: Expected 200, got 401

[31m12. Get Popular Events[0m
   Error: Expected 200, got 401

[31m13. Get Student Engagement[0m
   Error: Expected 200, got 401

[31m14. Get Monthly Stats[0m
   Error: Expected 200, got 401

[31m15. Reject Past Event Date[0m
   Error: Expected 400, got 401

[31m16. Admin Logout[0m
   Error: Expected 200, got 400

[33mΓÜá∩╕Å  Fix the failed tests above and run again.[0m

